

item not found
item not found
item not found
item not found
item not found
max item not present since table is empty
item not present in the table
item not present in the table
item not present in the table
item not present in the table
item not present in the table


item successfully inserted
1
1
item found
max item 1 deleted
item not found
item successfully inserted
item found
item succesfully deleted
